// Jest Snapshot v1, https://goo.gl/fbAQLP

exports[`Theme controller initial theme not dark 1`] = `[Function]`;
