// Jest Snapshot v1, https://goo.gl/fbAQLP

exports[`NavigationStack mounts Maintenance route if maintenance mode is enabled 1`] = `[Function]`;
